// Jest Snapshot v1, https://goo.gl/fbAQLP

exports[`<AboutUs /> AboutUs props with mandatory props 1`] = `
<p>
  Lorem, ipsum dolor sit amet consectetur adipisicing elit. Ex iste ratione beatae hic saepe provident temporibus, id repellendus. Veniam ratione illo consectetur cupiditate quisquam eaque delectus ipsa assumenda sed dolorum et, numquam nihil voluptas aut corrupti explicabo molestiae, doloribus aperiam placeat quasi debitis nemo. Modi inventore, vel commodi voluptate accusantium aliquam fugit ipsam illo unde. Quasi vero quo similique ex maiores commodi unde, voluptas distinctio corrupti iste ducimus laboriosam saepe impedit dicta dolorum, soluta quae, harum consectetur! Nostrum fugit vero sequi quam, corporis unde libero dicta, itaque deserunt iure soluta nihil quibusdam excepturi suscipit repellat, placeat hic. Recusandae, voluptatem beatae!
</p>
`;
