// Jest Snapshot v1, https://goo.gl/fbAQLP

exports[`<AboutUs /> AboutUs props with mandatory props 1`] = `
<div
  className="h-screen w-full grid place-items-center relative bg-primary-dark text-primary-light"
>
  <div
    className="w-1/2"
  >
    <p
      className="text-center"
    >
       
      This is a DEMO SITE. It is not currently responsive :( I also don't currently plan on making it mobile responsive.
      <span
        className="my-10 block"
      >
        Check out my Github. @norvalbv
      </span>
      Site built with React, JavaScript, Typescript, Tailwind, Formik, AWS, Azure Devops, and a bunch of other stuff!
    </p>
  </div>
</div>
`;
