// Jest Snapshot v1, https://goo.gl/fbAQLP

exports[`<Skeleton /> should render correctly with all props 1`] = `
<template
  className="block bg-gray-100 animate-pulse border"
  style={
    {
      "backgroundColor": "#cecece",
      "borderRadius": "2px",
      "height": "24px",
      "width": "256px",
    }
  }
/>
`;

exports[`<Skeleton /> should render correctly without props 1`] = `
<template
  className="block bg-gray-100 animate-pulse-fast "
  style={
    {
      "backgroundColor": "",
      "borderRadius": "",
      "height": undefined,
      "width": undefined,
    }
  }
/>
`;
