// Jest Snapshot v1, https://goo.gl/fbAQLP

exports[`<Radial /> Radial props with all props as required 1`] = `
<p
  className="text-xl bg-red-500 z-10"
>
  Test Label
   
  0
</p>
`;

exports[`<Radial /> Radial props with mandatory props 1`] = `
<p
  className="text-xs  z-10"
>
  Live viewers:
   
  0
</p>
`;
