// Jest Snapshot v1, https://goo.gl/fbAQLP

exports[`<Checkout /> Checkout props with mandatory props 1`] = `
<div
  className="h-screen w-full flex flex-col gap-4 justify-center items-center text-xl"
>
  Basket Empty
  <button
    className="relative inline-flex items-center justify-center hover:bg-buttons-hover transition-colors duration-200 uppercase  px-6 py-2.5 text-sm w-full  border py-4 "
    onClick={[Function]}
    onMouseEnter={[Function]}
    onMouseLeave={[Function]}
    role="button"
    style={
      {
        "backgroundColor": undefined,
        "color": undefined,
        "width": "25rem",
      }
    }
    type="button"
  >
    <span
      className="inline-block font-semibold"
    >
      Continue Shopping
    </span>
  </button>
</div>
`;
