// Jest Snapshot v1, https://goo.gl/fbAQLP

exports[`<NotFound /> Should render correctly 1`] = `
<div
  className="flex h-screen w-full flex-col items-center justify-center gap-4 text-xl"
>
  Page Not Found :(
  <button
    className="px-6 py-2.5 text-sm text-primary-light bg-primary-dark border rounded font-normal items-center uppercase transition-colors duration-200 hover:bg-primary-neutral/20"
    onClick={[Function]}
    onMouseEnter={[Function]}
    onMouseLeave={[Function]}
    style={
      {
        "width": undefined,
      }
    }
    type="button"
  >
    <span
      className="inline-block tracking-[0.16rem]"
    >
      Go Home
    </span>
  </button>
</div>
`;
